// Jest Snapshot v1, https://goo.gl/fbAQLP

exports[`Tooltip should render snapshot successfully for only child element without tooltip 1`] = `
<DocumentFragment>
  <button>
    Test button
  </button>
</DocumentFragment>
`;

exports[`Tooltip should render snapshot successfully with label 1`] = `
<div>
  <div
    class="tooltipWrapper"
    data-testid="tooltipTestId"
    id="tooltip-1"
  >
    <button>
      Test button
    </button>
  </div>
</div>
`;
