// Jest Snapshot v1, https://goo.gl/fbAQLP

exports[`Pricing Component should render snapshot successfully 1`] = `
<DocumentFragment>
  <div
    class="pricing"
  >
    <div
      data-testid="BillingPeriodSwitcherComponent"
    />
    <div
      data-testid="PricingCardGalleryComponent"
    />
  </div>
</DocumentFragment>
`;
