// Jest Snapshot v1, https://goo.gl/fbAQLP

exports[`Button component snapshot should render {
  description: 'center placement, accent color, big size',
  props: [Object]
} snapshot: center placement, accent color, big size 1`] = `
<DocumentFragment>
  <button
    class="button button-big button-accent button-center"
    type="button"
  >
    <div
      class="buttonContent"
    >
      <span>
        Common Text
      </span>
    </div>
  </button>
</DocumentFragment>
`;

exports[`Button component snapshot should render {
  description: 'center placement, accent color, full-width size',
  props: [Object]
} snapshot: center placement, accent color, full-width size 1`] = `
<DocumentFragment>
  <button
    class="button button-full-width button-accent button-center"
    type="button"
  >
    <div
      class="buttonContent"
    >
      <span>
        Common Text
      </span>
    </div>
  </button>
</DocumentFragment>
`;

exports[`Button component snapshot should render {
  description: 'center placement, accent color, small size',
  props: [Object]
} snapshot: center placement, accent color, small size 1`] = `
<DocumentFragment>
  <button
    class="button button-small button-accent button-center"
    type="button"
  >
    <div
      class="buttonContent"
    >
      <span>
        Common Text
      </span>
    </div>
  </button>
</DocumentFragment>
`;

exports[`Button component snapshot should render {
  description: 'center placement, basic color, big size',
  props: [Object]
} snapshot: center placement, basic color, big size 1`] = `
<DocumentFragment>
  <button
    class="button button-big button-basic button-center"
    type="button"
  >
    <div
      class="buttonContent"
    >
      <span>
        Common Text
      </span>
    </div>
  </button>
</DocumentFragment>
`;

exports[`Button component snapshot should render {
  description: 'center placement, basic color, full-width size',
  props: [Object]
} snapshot: center placement, basic color, full-width size 1`] = `
<DocumentFragment>
  <button
    class="button button-full-width button-basic button-center"
    type="button"
  >
    <div
      class="buttonContent"
    >
      <span>
        Common Text
      </span>
    </div>
  </button>
</DocumentFragment>
`;

exports[`Button component snapshot should render {
  description: 'center placement, basic color, small size',
  props: [Object]
} snapshot: center placement, basic color, small size 1`] = `
<DocumentFragment>
  <button
    class="button button-small button-basic button-center"
    type="button"
  >
    <div
      class="buttonContent"
    >
      <span>
        Common Text
      </span>
    </div>
  </button>
</DocumentFragment>
`;

exports[`Button component snapshot should render {
  description: 'center placement, primary color, big size',
  props: [Object]
} snapshot: center placement, primary color, big size 1`] = `
<DocumentFragment>
  <button
    class="button button-big button-primary button-center"
    type="button"
  >
    <div
      class="buttonContent"
    >
      <span>
        Common Text
      </span>
    </div>
  </button>
</DocumentFragment>
`;

exports[`Button component snapshot should render {
  description: 'center placement, primary color, full-width size',
  props: [Object]
} snapshot: center placement, primary color, full-width size 1`] = `
<DocumentFragment>
  <button
    class="button button-full-width button-primary button-center"
    type="button"
  >
    <div
      class="buttonContent"
    >
      <span>
        Common Text
      </span>
    </div>
  </button>
</DocumentFragment>
`;

exports[`Button component snapshot should render {
  description: 'center placement, primary color, small size',
  props: [Object]
} snapshot: center placement, primary color, small size 1`] = `
<DocumentFragment>
  <button
    class="button button-small button-primary button-center"
    type="button"
  >
    <div
      class="buttonContent"
    >
      <span>
        Common Text
      </span>
    </div>
  </button>
</DocumentFragment>
`;

exports[`Button component snapshot should render {
  description: 'left placement, accent color, big size',
  props: [Object]
} snapshot: left placement, accent color, big size 1`] = `
<DocumentFragment>
  <button
    class="button button-big button-accent button-left"
    type="button"
  >
    <div
      class="buttonContent"
    >
      <span>
        Common Text
      </span>
    </div>
  </button>
</DocumentFragment>
`;

exports[`Button component snapshot should render {
  description: 'left placement, accent color, full-width size',
  props: [Object]
} snapshot: left placement, accent color, full-width size 1`] = `
<DocumentFragment>
  <button
    class="button button-full-width button-accent button-left"
    type="button"
  >
    <div
      class="buttonContent"
    >
      <span>
        Common Text
      </span>
    </div>
  </button>
</DocumentFragment>
`;

exports[`Button component snapshot should render {
  description: 'left placement, accent color, small size',
  props: [Object]
} snapshot: left placement, accent color, small size 1`] = `
<DocumentFragment>
  <button
    class="button button-small button-accent button-left"
    type="button"
  >
    <div
      class="buttonContent"
    >
      <span>
        Common Text
      </span>
    </div>
  </button>
</DocumentFragment>
`;

exports[`Button component snapshot should render {
  description: 'left placement, basic color, big size',
  props: [Object]
} snapshot: left placement, basic color, big size 1`] = `
<DocumentFragment>
  <button
    class="button button-big button-basic button-left"
    type="button"
  >
    <div
      class="buttonContent"
    >
      <span>
        Common Text
      </span>
    </div>
  </button>
</DocumentFragment>
`;

exports[`Button component snapshot should render {
  description: 'left placement, basic color, full-width size',
  props: [Object]
} snapshot: left placement, basic color, full-width size 1`] = `
<DocumentFragment>
  <button
    class="button button-full-width button-basic button-left"
    type="button"
  >
    <div
      class="buttonContent"
    >
      <span>
        Common Text
      </span>
    </div>
  </button>
</DocumentFragment>
`;

exports[`Button component snapshot should render {
  description: 'left placement, basic color, small size',
  props: [Object]
} snapshot: left placement, basic color, small size 1`] = `
<DocumentFragment>
  <button
    class="button button-small button-basic button-left"
    type="button"
  >
    <div
      class="buttonContent"
    >
      <span>
        Common Text
      </span>
    </div>
  </button>
</DocumentFragment>
`;

exports[`Button component snapshot should render {
  description: 'left placement, primary color, big size',
  props: [Object]
} snapshot: left placement, primary color, big size 1`] = `
<DocumentFragment>
  <button
    class="button button-big button-primary button-left"
    type="button"
  >
    <div
      class="buttonContent"
    >
      <span>
        Common Text
      </span>
    </div>
  </button>
</DocumentFragment>
`;

exports[`Button component snapshot should render {
  description: 'left placement, primary color, full-width size',
  props: [Object]
} snapshot: left placement, primary color, full-width size 1`] = `
<DocumentFragment>
  <button
    class="button button-full-width button-primary button-left"
    type="button"
  >
    <div
      class="buttonContent"
    >
      <span>
        Common Text
      </span>
    </div>
  </button>
</DocumentFragment>
`;

exports[`Button component snapshot should render {
  description: 'left placement, primary color, small size',
  props: [Object]
} snapshot: left placement, primary color, small size 1`] = `
<DocumentFragment>
  <button
    class="button button-small button-primary button-left"
    type="button"
  >
    <div
      class="buttonContent"
    >
      <span>
        Common Text
      </span>
    </div>
  </button>
</DocumentFragment>
`;

exports[`Button component snapshot should render {
  description: 'right placement, accent color, big size',
  props: [Object]
} snapshot: right placement, accent color, big size 1`] = `
<DocumentFragment>
  <button
    class="button button-big button-accent button-right"
    type="button"
  >
    <div
      class="buttonContent"
    >
      <span>
        Common Text
      </span>
    </div>
  </button>
</DocumentFragment>
`;

exports[`Button component snapshot should render {
  description: 'right placement, accent color, full-width size',
  props: [Object]
} snapshot: right placement, accent color, full-width size 1`] = `
<DocumentFragment>
  <button
    class="button button-full-width button-accent button-right"
    type="button"
  >
    <div
      class="buttonContent"
    >
      <span>
        Common Text
      </span>
    </div>
  </button>
</DocumentFragment>
`;

exports[`Button component snapshot should render {
  description: 'right placement, accent color, small size',
  props: [Object]
} snapshot: right placement, accent color, small size 1`] = `
<DocumentFragment>
  <button
    class="button button-small button-accent button-right"
    type="button"
  >
    <div
      class="buttonContent"
    >
      <span>
        Common Text
      </span>
    </div>
  </button>
</DocumentFragment>
`;

exports[`Button component snapshot should render {
  description: 'right placement, basic color, big size',
  props: [Object]
} snapshot: right placement, basic color, big size 1`] = `
<DocumentFragment>
  <button
    class="button button-big button-basic button-right"
    type="button"
  >
    <div
      class="buttonContent"
    >
      <span>
        Common Text
      </span>
    </div>
  </button>
</DocumentFragment>
`;

exports[`Button component snapshot should render {
  description: 'right placement, basic color, full-width size',
  props: [Object]
} snapshot: right placement, basic color, full-width size 1`] = `
<DocumentFragment>
  <button
    class="button button-full-width button-basic button-right"
    type="button"
  >
    <div
      class="buttonContent"
    >
      <span>
        Common Text
      </span>
    </div>
  </button>
</DocumentFragment>
`;

exports[`Button component snapshot should render {
  description: 'right placement, basic color, small size',
  props: [Object]
} snapshot: right placement, basic color, small size 1`] = `
<DocumentFragment>
  <button
    class="button button-small button-basic button-right"
    type="button"
  >
    <div
      class="buttonContent"
    >
      <span>
        Common Text
      </span>
    </div>
  </button>
</DocumentFragment>
`;

exports[`Button component snapshot should render {
  description: 'right placement, primary color, big size',
  props: [Object]
} snapshot: right placement, primary color, big size 1`] = `
<DocumentFragment>
  <button
    class="button button-big button-primary button-right"
    type="button"
  >
    <div
      class="buttonContent"
    >
      <span>
        Common Text
      </span>
    </div>
  </button>
</DocumentFragment>
`;

exports[`Button component snapshot should render {
  description: 'right placement, primary color, full-width size',
  props: [Object]
} snapshot: right placement, primary color, full-width size 1`] = `
<DocumentFragment>
  <button
    class="button button-full-width button-primary button-right"
    type="button"
  >
    <div
      class="buttonContent"
    >
      <span>
        Common Text
      </span>
    </div>
  </button>
</DocumentFragment>
`;

exports[`Button component snapshot should render {
  description: 'right placement, primary color, small size',
  props: [Object]
} snapshot: right placement, primary color, small size 1`] = `
<DocumentFragment>
  <button
    class="button button-small button-primary button-right"
    type="button"
  >
    <div
      class="buttonContent"
    >
      <span>
        Common Text
      </span>
    </div>
  </button>
</DocumentFragment>
`;

exports[`Button component snapshot should render { description: 'disabled state', props: [Object] } snapshot: disabled state 1`] = `
<DocumentFragment>
  <button
    class="button button-small button-primary button-left button-disabled"
    disabled=""
    type="button"
  >
    <div
      class="buttonContent buttonContent-disabled"
    >
      <span>
        Common Text
      </span>
    </div>
  </button>
</DocumentFragment>
`;
