// Jest Snapshot v1, https://goo.gl/fbAQLP

exports[`TagList component renders correctly and matches snapshot 1`] = `
<DocumentFragment>
  <ul
    class="iconTags"
  >
    <li>
      <div
        class="tooltipWrapper"
        data-testid="tooltipTestId"
        id="tooltip-Accounting"
      >
        <a
          class="tagLink"
        >
          #Accounting,
        </a>
      </div>
    </li>
    <li>
      <div
        class="tooltipWrapper"
        data-testid="tooltipTestId"
        id="tooltip-Accountant"
      >
        <a
          class="tagLink"
        >
          #Accountant,
        </a>
      </div>
    </li>
    <li>
      <div
        class="tooltipWrapper"
        data-testid="tooltipTestId"
        id="tooltip-Calculate"
      >
        <a
          class="tagLink"
        >
          #Calculate,
        </a>
      </div>
    </li>
    <li>
      <div
        class="tooltipWrapper"
        data-testid="tooltipTestId"
        id="tooltip-Calculation"
      >
        <a
          class="tagLink"
        >
          #Calculation
        </a>
      </div>
    </li>
  </ul>
</DocumentFragment>
`;
