// Jest Snapshot v1, https://goo.gl/fbAQLP

exports[`MyAccountPage Component renders correctly and matches snapshot 1`] = `
<DocumentFragment>
  <section
    class="header"
  >
    <div
      class="headerContainer"
    >
      <div
        class="circle"
      >
        J
      </div>
      <section
        class="userInfo"
      >
        <h1>
          John
        </h1>
        <p>
          john.doe@mail.com
        </p>
      </section>
    </div>
  </section>
  <div
    class="inputGroup"
  >
    <div
      class="inputGroup"
    >
      <label
        class="inputGroupLabel"
        for="name"
      >
        Real Name
      </label>
      <span
        class="inputGroupHint"
      >
        First name & Last name
      </span>
      <input
        class="inputGroupInput"
        disabled=""
        id="name"
        type="text"
        value="John Doe"
      />
    </div>
    <div
      class="inputGroup"
    >
      <label
        class="inputGroupLabel"
        for="email"
      >
        Email
      </label>
      <input
        class="inputGroupInput"
        disabled=""
        id="email"
        type="email"
        value="john.doe@mail.com"
      />
    </div>
  </div>
</DocumentFragment>
`;
