// Jest Snapshot v1, https://goo.gl/fbAQLP

exports[`ResetPasswordPage should render page successfully 1`] = `
<DocumentFragment>
  <div
    class="reset-password"
  >
    <div
      class="reset-password__container"
    >
      <h3
        class="reset-password__title"
      >
        Reset Password
      </h3>
      <div
        class="reset-password__body"
      >
        <form
          class="authorization__form"
        >
          <div
            class="inputGroup"
          >
            <input
              class="inputGroupInput"
              id="password"
              placeholder="Password"
              type="password"
              value=""
            />
          </div>
          <div
            class="inputGroup"
          >
            <input
              class="inputGroupInput"
              id="confirmPassword"
              placeholder="Confirm Password"
              type="password"
              value=""
            />
          </div>
          <button
            class="button button-full-width button-primary button-center"
            data-testid="buttonComponent"
            type="submit"
          >
            <span
              data-testid="buttonComponentText"
            >
              Reset Password
            </span>
          </button>
        </form>
      </div>
    </div>
  </div>
</DocumentFragment>
`;
