// Jest Snapshot v1, https://goo.gl/fbAQLP

exports[`IconsPageContent renders correctly and matches snapshot 1`] = `
<DocumentFragment>
  <div
    class="contentSection"
  >
    <div
      class="content"
    >
      <div>
        Child Component
      </div>
    </div>
  </div>
</DocumentFragment>
`;
