// Jest Snapshot v1, https://goo.gl/fbAQLP

exports[`PricingFAQs component should render snapshot successfully 1`] = `
<DocumentFragment>
  <section
    class="section"
  >
    <div
      class="container"
    >
      <h2
        class="title"
      >
        Frequently Asked Questions
      </h2>
      <ul
        class="list"
      >
        <li
          class="item"
        >
          <p
            class="question"
          >
            Question 1
          </p>
          <p>
            Answer 1
          </p>
        </li>
        <li
          class="item"
        >
          <p
            class="question"
          >
            Question 2
          </p>
          <p>
            Answer 2
          </p>
        </li>
      </ul>
    </div>
  </section>
</DocumentFragment>
`;
